2026-09-26 11:36:45,948 - INFO - NUll values in the values  : age         0
sex         0
cp          0
trestbps    0
chol        0
fbs         0
restecg     0
thalach     0
exang       0
oldpeak     0
slope       0
ca          0
thal        0
target      0
dtype: int64
2026-09-26 11:36:45,963 - INFO - Training dataset size : 
 (242, 13)  => (242,)
2026-09-26 11:36:45,963 - INFO - Testing dataset size : 
 (61, 13) => (61,)
2026-09-26 11:36:46,646 - INFO - Data balancing : 
 (242, 7) => (242,)
2026-09-26 11:36:46,647 - INFO - no of rows in target:1:133
2026-09-26 11:36:46,648 - INFO - no of columns in target:0:109
2026-09-26 11:36:46,691 - INFO - After Data balancing:
(242, 7)=>(266,)
2026-09-26 11:36:46,691 - INFO - no of rows in target:1:133
2026-09-26 11:36:46,692 - INFO - no of columns in target:0:133
2026-09-26 11:36:47,141 - INFO - accuracy score:0.8524590163934426
2026-09-26 11:36:47,144 - INFO - confusion matrix:[[25  4]
 [ 5 27]]
2026-09-26 11:36:47,162 - INFO - classification report:              precision    recall  f1-score   support

           0       0.83      0.86      0.85        29
           1       0.87      0.84      0.86        32

    accuracy                           0.85        61
   macro avg       0.85      0.85      0.85        61
weighted avg       0.85      0.85      0.85        61

2026-09-26 11:36:47,163 - INFO - 1
